
> react-example@0.0.0 build
> vite build

[36mvite v6.4.1 [32mbuilding for production...[36m[39m
transforming...
[32m✓[39m 2102 modules transformed.
rendering chunks...
computing gzip size...
[2mdist/[22m[32mindex.html                 [39m[1m[2m  1.00 kB[22m[1m[22m[2m │ gzip:   0.60 kB[22m
[2mdist/[22m[35massets/index-ChQjJLeL.css  [39m[1m[2m 46.94 kB[22m[1m[22m[2m │ gzip:   8.21 kB[22m
[2mdist/[22m[36massets/index-CvOLfTju.js   [39m[1m[33m598.09 kB[39m[22m[2m │ gzip: 192.58 kB[22m
[33m
(!) Some chunks are larger than 500 kB after minification. Consider:
- Using dynamic import() to code-split the application
- Use build.rollupOptions.output.manualChunks to improve chunking: https://rollupjs.org/configuration-options/#output-manualchunks
- Adjust chunk size limit for this warning via build.chunkSizeWarningLimit.[39m
[32m✓ built in 3.80s[39m
